AR ex_mem behave C:/Users/WangP/Desktop/CPU_exp1/CPU-id-ex_ex-mem/ori_ex_mem.vhd sub00/vhpl13 1478587564
EN regfile NULL C:/Users/WangP/Desktop/CPU_exp1/CPU-pxxgogo/regfile.vhd sub00/vhpl06 1478587557
AR ex behave C:/Users/WangP/Desktop/CPU_exp1/CPU-id-ex_ex-mem/ori_ex.vhd sub00/vhpl11 1478587562
EN id NULL C:/Users/WangP/Desktop/CPU_exp1/CPU-pc_id/id.vhd sub00/vhpl04 1478587555
EN ex NULL C:/Users/WangP/Desktop/CPU_exp1/CPU-id-ex_ex-mem/ori_ex.vhd sub00/vhpl10 1478587561
AR id_ex behave C:/Users/WangP/Desktop/CPU_exp1/CPU-id-ex_ex-mem/ori_id_ex.vhd sub00/vhpl09 1478587560
EN mem NULL C:/Users/WangP/Desktop/CPU_exp1/CPU-pxxgogo/mem.vhd sub00/vhpl14 1478587565
EN id_ex NULL C:/Users/WangP/Desktop/CPU_exp1/CPU-id-ex_ex-mem/ori_id_ex.vhd sub00/vhpl08 1478587559
EN mem_wb NULL C:/Users/WangP/Desktop/CPU_exp1/CPU-pxxgogo/mem_wb.vhd sub00/vhpl16 1478587567
EN pc_reg NULL C:/Users/WangP/Desktop/CPU_exp1/CPU-pc_id/pc_reg.vhd sub00/vhpl00 1478587551
AR if_id simple C:/Users/WangP/Desktop/CPU_exp1/CPU-pc_id/if_id.vhd sub00/vhpl03 1478587554
EN openmips NULL C:/Users/WangP/Desktop/CPU_exp1/CPU-pxxgogo/openmips.vhd sub00/vhpl18 1478587569
EN if_id NULL C:/Users/WangP/Desktop/CPU_exp1/CPU-pc_id/if_id.vhd sub00/vhpl02 1478587553
AR id decode C:/Users/WangP/Desktop/CPU_exp1/CPU-pc_id/id.vhd sub00/vhpl05 1478587556
AR pc_reg counter C:/Users/WangP/Desktop/CPU_exp1/CPU-pc_id/pc_reg.vhd sub00/vhpl01 1478587552
AR mem_wb arch C:/Users/WangP/Desktop/CPU_exp1/CPU-pxxgogo/mem_wb.vhd sub00/vhpl17 1478587568
AR mem arch C:/Users/WangP/Desktop/CPU_exp1/CPU-pxxgogo/mem.vhd sub00/vhpl15 1478587566
EN ex_mem NULL C:/Users/WangP/Desktop/CPU_exp1/CPU-id-ex_ex-mem/ori_ex_mem.vhd sub00/vhpl12 1478587563
AR openmips arch C:/Users/WangP/Desktop/CPU_exp1/CPU-pxxgogo/openmips.vhd sub00/vhpl19 1478587570
AR regfile arch C:/Users/WangP/Desktop/CPU_exp1/CPU-pxxgogo/regfile.vhd sub00/vhpl07 1478587558
